// Jest Snapshot v1, https://goo.gl/fbAQLP

exports[`chevron snapshot test 1`] = `
<View
  accessibilityState={
    {
      "busy": undefined,
      "checked": undefined,
      "disabled": undefined,
      "expanded": undefined,
      "selected": undefined,
    }
  }
  accessibilityValue={
    {
      "max": undefined,
      "min": undefined,
      "now": undefined,
      "text": undefined,
    }
  }
  accessible={true}
  collapsable={false}
  focusable={true}
  onClick={[Function]}
  onResponderGrant={[Function]}
  onResponderMove={[Function]}
  onResponderRelease={[Function]}
  onResponderTerminate={[Function]}
  onResponderTerminationRequest={[Function]}
  onStartShouldSetResponder={[Function]}
  style={
    {
      "opacity": 1,
    }
  }
>
  <View
    style={
      {
        "alignItems": "center",
        "borderTopColor": "lightgray",
        "borderTopWidth": 1,
        "flexDirection": "row",
        "justifyContent": "space-between",
        "padding": 10,
      }
    }
  >
    <Text
      style={
        {
          "fontFamily": "Trebuchet MS",
          "fontSize": 14,
        }
      }
    >
      Title
    </Text>
    <Text
      style={
        {
          "fontFamily": "Trebuchet MS",
          "fontSize": 14,
        }
      }
    >
      &gt;
    </Text>
  </View>
</View>
`;

exports[`renders correctly 1`] = `
<View
  accessibilityState={
    {
      "busy": undefined,
      "checked": undefined,
      "disabled": undefined,
      "expanded": undefined,
      "selected": undefined,
    }
  }
  accessibilityValue={
    {
      "max": undefined,
      "min": undefined,
      "now": undefined,
      "text": undefined,
    }
  }
  accessible={true}
  collapsable={false}
  focusable={true}
  onClick={[Function]}
  onResponderGrant={[Function]}
  onResponderMove={[Function]}
  onResponderRelease={[Function]}
  onResponderTerminate={[Function]}
  onResponderTerminationRequest={[Function]}
  onStartShouldSetResponder={[Function]}
  style={
    {
      "opacity": 1,
    }
  }
>
  <View
    style={
      {
        "alignItems": "center",
        "borderTopColor": "lightgray",
        "borderTopWidth": 1,
        "flexDirection": "row",
        "justifyContent": "space-between",
        "padding": 10,
      }
    }
  >
    <Text
      style={
        {
          "fontFamily": "Trebuchet MS",
          "fontSize": 14,
        }
      }
    >
      Title
    </Text>
    <Text
      style={
        {
          "fontFamily": "Trebuchet MS",
          "fontSize": 14,
        }
      }
    >
      &gt;
    </Text>
  </View>
</View>
`;
